ARM Linker, 5.03 [Build 76] [MDK-ARM Professional]

==============================================================================

Section Cross References

    startup.o(STACK) refers (Special) to heapauxi.o(.text) for __use_two_region_memory
    startup.o(HEAP) refers (Special) to heapauxi.o(.text) for __use_two_region_memory
    startup.o(RESET) refers (Special) to heapauxi.o(.text) for __use_two_region_memory
    startup.o(RESET) refers to startup.o(STACK) for StackMem
    startup.o(RESET) refers to sound.o(i.Timer0A_Handler) for Timer0A_Handler
    startup.o(RESET) refers to sound.o(i.Timer1A_Handler) for Timer1A_Handler
    startup.o(RESET) refers to sound.o(i.Timer2A_Handler) for Timer2A_Handler
    startup.o(RESET) refers to frame.o(i.Timer3A_Handler) for Timer3A_Handler
    startup.o(RESET) refers to __main.o(!!!main) for __main
    startup.o(.text) refers (Special) to heapauxi.o(.text) for __use_two_region_memory
    startup.o(.text) refers to startup.o(HEAP) for HeapMem
    startup.o(.text) refers to startup.o(STACK) for StackMem
    systick.o(i.SysTick_Wait10ms) refers to systick.o(i.SysTick_Wait) for SysTick_Wait
    systicktestmain.o(i.main) refers to pll.o(i.PLL_Init) for PLL_Init
    systicktestmain.o(i.main) refers to input.o(i.Input_Init) for Input_Init
    systicktestmain.o(i.main) refers to systicktestmain.o(i.resetAll) for resetAll
    systicktestmain.o(i.main) refers to systicktestmain.o(.data) for resetGame
    systicktestmain.o(i.resetAll) refers to game.o(i.Init_Game) for Init_Game
    systicktestmain.o(i.resetAll) refers to heartbeat.o(i.Heartbeat_Init) for Heartbeat_Init
    systicktestmain.o(i.resetAll) refers to sound.o(i.Sound_Init) for Sound_Init
    systicktestmain.o(i.resetAll) refers to st7735.o(i.ST7735_InitR) for ST7735_InitR
    systicktestmain.o(i.resetAll) refers to frame.o(i.Frame_Init) for Frame_Init
    systicktestmain.o(i.resetAll) refers to systick.o(i.SysTick_Init) for SysTick_Init
    frame.o(i.Frame_Init) refers to frame.o(i.Timer3_Init) for Timer3_Init
    frame.o(i.Frame_Init) refers to frame.o(i.Frame_Task) for Frame_Task
    frame.o(i.Frame_Task) refers to input.o(i.Get_XY) for Get_XY
    frame.o(i.Frame_Task) refers to input.o(i.Get_SW) for Get_SW
    frame.o(i.Frame_Task) refers to game.o(i.Next_Frame) for Next_Frame
    frame.o(i.Frame_Task) refers to sound.o(i.Set_Sound_Effect) for Set_Sound_Effect
    frame.o(i.Frame_Task) refers to st7735.o(i.drawFrame) for drawFrame
    frame.o(i.Frame_Task) refers to frame.o(.data) for count
    frame.o(i.Frame_Task) refers to frame.o(.bss) for times
    frame.o(i.Timer3A_Handler) refers to frame.o(.data) for PeriodicTask
    frame.o(i.Timer3_Init) refers to frame.o(.data) for PeriodicTask
    game.o(i.Add_Block) refers to game.o(.data) for blockPointer
    game.o(i.Add_Block) refers to game.o(.bss) for blocks
    game.o(i.Add_Castle) refers to game.o(i.Add_Stairs) for Add_Stairs
    game.o(i.Add_Castle) refers to game.o(i.Add_Scenery) for Add_Scenery
    game.o(i.Add_Castle) refers to game.o(.data) for base_block
    game.o(i.Add_Cloud) refers to game.o(i.Add_Scenery) for Add_Scenery
    game.o(i.Add_Cloud) refers to game.o(.data) for cloud_1
    game.o(i.Add_Pipe) refers to game.o(i.Add_Block) for Add_Block
    game.o(i.Add_Pipe) refers to game.o(.data) for base_block
    game.o(i.Add_Scenery) refers to game.o(.data) for sceneryPointer
    game.o(i.Add_Scenery) refers to game.o(.bss) for scenery
    game.o(i.Add_Shrub) refers to game.o(i.Add_Scenery) for Add_Scenery
    game.o(i.Add_Shrub) refers to game.o(.data) for base_block
    game.o(i.Add_Small_Bush) refers to game.o(i.Add_Scenery) for Add_Scenery
    game.o(i.Add_Small_Bush) refers to game.o(.data) for base_block
    game.o(i.Add_Stairs) refers to game.o(i.Add_Block) for Add_Block
    game.o(i.Add_Stairs) refers to game.o(.data) for base_block
    game.o(i.Add_Tall_Bush) refers to game.o(i.Add_Scenery) for Add_Scenery
    game.o(i.Add_Tall_Bush) refers to game.o(.data) for base_block
    game.o(i.Blocks_Init) refers to game.o(i.Floor_Init) for Floor_Init
    game.o(i.Blocks_Init) refers to game.o(i.Pipes_Init) for Pipes_Init
    game.o(i.Blocks_Init) refers to game.o(i.Stairs_Init) for Stairs_Init
    game.o(i.Blocks_Init) refers to game.o(i.Floating_Init) for Floating_Init
    game.o(i.Check_Box_Hitbox) refers to game.o(i.Entity_Collision) for Entity_Collision
    game.o(i.Check_Box_Hitbox) refers to game.o(.bss) for blocks
    game.o(i.Check_Enemy_Hitbox) refers to game.o(i.Entity_Collision) for Entity_Collision
    game.o(i.Check_Enemy_Hitbox) refers to game.o(.bss) for enemies
    game.o(i.Enemies_Init) refers to game.o(i.Goomba_Init) for Goomba_Init
    game.o(i.Enemy_Update) refers to game.o(i.Goomba_Sprite_Cycle) for Goomba_Sprite_Cycle
    game.o(i.Enemy_Update) refers to game.o(i.Goomba_Move) for Goomba_Move
    game.o(i.Enemy_Update) refers to game.o(.bss) for enemies
    game.o(i.Floating_Init) refers to game.o(i.Add_Block) for Add_Block
[...]
    libshutdown.o(.ARM.Collect$$libshutdown$$00000000) refers (Special) to libshutdown2.o(.ARM.Collect$$libshutdown$$00000009) for __rt_lib_shutdown_signal_1
    libshutdown.o(.ARM.Collect$$libshutdown$$00000000) refers (Special) to libshutdown2.o(.ARM.Collect$$libshutdown$$00000003) for __rt_lib_shutdown_stdio_1
    libshutdown.o(.ARM.Collect$$libshutdown$$00000000) refers (Special) to libshutdown2.o(.ARM.Collect$$libshutdown$$0000000B) for __rt_lib_shutdown_user_alloc_1
    sys_command.o(.text) refers (Special) to use_no_semi.o(.text) for __I$use$semihosting
    sys_command.o(.text) refers (Special) to indicate_semi.o(.text) for __semihosting_library_function
    defsig_rtmem_outer.o(.text) refers to defsig_rtmem_inner.o(.text) for __rt_SIGRTMEM_inner
    defsig_rtmem_outer.o(.text) refers to defsig_exit.o(.text) for __sig_exit
    defsig_rtmem_formal.o(.text) refers to rt_raise.o(.text) for __rt_raise
    rt_raise.o(.text) refers to __raise.o(.text) for __raise
    rt_raise.o(.text) refers to sys_exit.o(.text) for _sys_exit
    defsig_exit.o(.text) refers to sys_exit.o(.text) for _sys_exit
    defsig_rtmem_inner.o(.text) refers to defsig_general.o(.text) for __default_signal_display
    __raise.o(.text) refers to defsig.o(CL$$defsig) for __default_signal_handler
    defsig_general.o(.text) refers to sys_wrch.o(.text) for _ttywrch
    sys_wrch.o(.text) refers (Special) to use_no_semi.o(.text) for __I$use$semihosting
    sys_wrch.o(.text) refers (Special) to indicate_semi.o(.text) for __semihosting_library_function
    defsig.o(CL$$defsig) refers to defsig_rtmem_inner.o(.text) for __rt_SIGRTMEM_inner
    defsig_abrt_inner.o(.text) refers to defsig_general.o(.text) for __default_signal_display
    defsig_fpe_inner.o(.text) refers to defsig_general.o(.text) for __default_signal_display
    defsig_rtred_inner.o(.text) refers to defsig_general.o(.text) for __default_signal_display
    defsig_stak_inner.o(.text) refers to defsig_general.o(.text) for __default_signal_display
    defsig_pvfn_inner.o(.text) refers to defsig_general.o(.text) for __default_signal_display
    defsig_cppl_inner.o(.text) refers to defsig_general.o(.text) for __default_signal_display
    defsig_segv_inner.o(.text) refers to defsig_general.o(.text) for __default_signal_display
    defsig_other.o(.text) refers to defsig_general.o(.text) for __default_signal_display


==============================================================================

Removing Unused input sections from the image.

    Removing systick.o(i.SysTick_Wait), (32 bytes).
    Removing systick.o(i.SysTick_Wait10ms), (28 bytes).
    Removing game.o(i.getJYDirection), (28 bytes).
    Removing heartbeat.o(i.Toggle_Heartbeat), (80 bytes).
    Removing st7735.o(i.Output_Clear), (10 bytes).
    Removing st7735.o(i.Output_Color), (12 bytes).
    Removing st7735.o(i.Output_Init), (16 bytes).
    Removing st7735.o(i.Output_Off), (8 bytes).
    Removing st7735.o(i.Output_On), (8 bytes).
    Removing st7735.o(i.ST7735_Color565), (24 bytes).
    Removing st7735.o(i.ST7735_DrawBitmap), (288 bytes).
    Removing st7735.o(i.ST7735_DrawChar), (268 bytes).
    Removing st7735.o(i.ST7735_DrawCharS), (244 bytes).
    Removing st7735.o(i.ST7735_DrawFastHLine), (124 bytes).
    Removing st7735.o(i.ST7735_DrawFastVLine), (124 bytes).
    Removing st7735.o(i.ST7735_DrawPixel), (72 bytes).
    Removing st7735.o(i.ST7735_DrawString), (84 bytes).
    Removing st7735.o(i.ST7735_InitB), (40 bytes).
    Removing st7735.o(i.ST7735_InvertDisplay), (22 bytes).
    Removing st7735.o(i.ST7735_OutChar), (212 bytes).
    Removing st7735.o(i.ST7735_OutString), (22 bytes).
    Removing st7735.o(i.ST7735_OutUDec), (140 bytes).
    Removing st7735.o(i.ST7735_PlotBar), (88 bytes).
    Removing st7735.o(i.ST7735_PlotClear), (92 bytes).
    Removing st7735.o(i.ST7735_PlotLine), (264 bytes).
    Removing st7735.o(i.ST7735_PlotNext), (32 bytes).
    Removing st7735.o(i.ST7735_PlotNextErase), (64 bytes).
    Removing st7735.o(i.ST7735_PlotPoint), (152 bytes).
    Removing st7735.o(i.ST7735_PlotPoints), (172 bytes).
    Removing st7735.o(i.ST7735_PlotdBfs), (60 bytes).
    Removing st7735.o(i.ST7735_SetRotation), (212 bytes).
    Removing st7735.o(i.ST7735_SetTextColor), (12 bytes).
    Removing st7735.o(i.ST7735_SwapColor), (18 bytes).
    Removing st7735.o(i.ferror), (8 bytes).
    Removing st7735.o(i.fgetc), (6 bytes).
    Removing st7735.o(i.fillmessage), (72 bytes).
    Removing st7735.o(i.fputc), (16 bytes).
    Removing st7735.o(.bss), (12 bytes).

38 unused section(s) (total 3166 bytes) removed from the image.

==============================================================================

Image Symbol Table

    Local Symbols

    Symbol Name                              Value     Ov Type        Size  Object(Section)

    RESET                                    0x00000000   Section      644  startup.o(RESET)
    ../clib/angel/boardlib.s                 0x00000000   Number         0  boardshut.o ABSOLUTE
    ../clib/angel/boardlib.s                 0x00000000   Number         0  boardinit2.o ABSOLUTE
    ../clib/angel/boardlib.s                 0x00000000   Number         0  boardinit1.o ABSOLUTE
    ../clib/angel/boardlib.s                 0x00000000   Number         0  boardinit3.o ABSOLUTE
    ../clib/angel/dczerorl2.s                0x00000000   Number         0  __dczerorl2.o ABSOLUTE
    ../clib/angel/handlers.s                 0x00000000   Number         0  __scatter_zi.o ABSOLUTE
    ../clib/angel/kernel.s                   0x00000000   Number         0  rtexit.o ABSOLUTE
    ../clib/angel/kernel.s                   0x00000000   Number         0  rtentry.o ABSOLUTE
    ../clib/angel/kernel.s                   0x00000000   Number         0  rtexit2.o ABSOLUTE
    ../clib/angel/kernel.s                   0x00000000   Number         0  rtentry4.o ABSOLUTE
    ../clib/angel/kernel.s                   0x00000000   Number         0  rtentry2.o ABSOLUTE
    ../clib/angel/rt.s                       0x00000000   Number         0  rt_raise.o ABSOLUTE
    ../clib/angel/scatter.s                  0x00000000   Number         0  __scatter.o ABSOLUTE
    ../clib/angel/startup.s                  0x00000000   Number         0  __main.o ABSOLUTE
    ../clib/angel/sys.s                      0x00000000   Number         0  indicate_semi.o ABSOLUTE
    ../clib/angel/sys.s                      0x00000000   Number         0  sys_stackheap_outer.o ABSOLUTE
    ../clib/angel/sys.s                      0x00000000   Number         0  use_no_semi.o ABSOLUTE
    ../clib/angel/sys.s                      0x00000000   Number         0  libspace.o ABSOLUTE
    ../clib/angel/sysapp.c                   0x00000000   Number         0  sys_wrch.o ABSOLUTE
    ../clib/angel/sysapp.c                   0x00000000   Number         0  sys_command.o ABSOLUTE
    ../clib/angel/sysapp.c                   0x00000000   Number         0  sys_exit.o ABSOLUTE
    ../clib/armsys.c                         0x00000000   Number         0  no_argv.o ABSOLUTE
    ../clib/armsys.c                         0x00000000   Number         0  _get_argv_nomalloc.o ABSOLUTE
    ../clib/armsys.c                         0x00000000   Number         0  argv_veneer.o ABSOLUTE
    ../clib/armsys.c                         0x00000000   Number         0  argv_veneer.o ABSOLUTE
    ../clib/heapalloc.c                      0x00000000   Number         0  hrguard.o ABSOLUTE
    ../clib/heapaux.c                        0x00000000   Number         0  heapauxi.o ABSOLUTE
    ../clib/libinit.s                        0x00000000   Number         0  libshutdown2.o ABSOLUTE
    ../clib/libinit.s                        0x00000000   Number         0  libshutdown.o ABSOLUTE
    ../clib/libinit.s                        0x00000000   Number         0  libinit.o ABSOLUTE
    ../clib/libinit.s                        0x00000000   Number         0  libinit2.o ABSOLUTE
    ../clib/memcpset.s                       0x00000000   Number         0  rt_memcpy_w.o ABSOLUTE
    ../clib/signal.c                         0x00000000   Number         0  defsig_exit.o ABSOLUTE
    ../clib/signal.c                         0x00000000   Number         0  defsig_rtmem_outer.o ABSOLUTE
    ../clib/signal.c                         0x00000000   Number         0  defsig_rtmem_formal.o ABSOLUTE
    ../clib/signal.c                         0x00000000   Number         0  defsig_other.o ABSOLUTE
    ../clib/signal.c                         0x00000000   Number         0  defsig_segv_inner.o ABSOLUTE
    ../clib/signal.c                         0x00000000   Number         0  defsig_cppl_inner.o ABSOLUTE
    ../clib/signal.c                         0x00000000   Number         0  defsig_stak_inner.o ABSOLUTE
    ../clib/signal.c                         0x00000000   Number         0  defsig_rtred_inner.o ABSOLUTE
    ../clib/signal.c                         0x00000000   Number         0  defsig_fpe_inner.o ABSOLUTE
    ../clib/signal.c                         0x00000000   Number         0  defsig_abrt_inner.o ABSOLUTE
    ../clib/signal.c                         0x00000000   Number         0  defsig_pvfn_inner.o ABSOLUTE
    ../clib/signal.c                         0x00000000   Number         0  defsig_general.o ABSOLUTE
    ../clib/signal.c                         0x00000000   Number         0  __raise.o ABSOLUTE
    ../clib/signal.c                         0x00000000   Number         0  defsig_rtmem_inner.o ABSOLUTE
    ../clib/signal.s                         0x00000000   Number         0  defsig.o ABSOLUTE
    ../clib/stdlib.c                         0x00000000   Number         0  exit.o ABSOLUTE
    ../fplib/daddsub.s                       0x00000000   Number         0  daddsub_clz.o ABSOLUTE
    ../fplib/dcmpi.s                         0x00000000   Number         0  dcmpi.o ABSOLUTE
    ../fplib/ddiv.s                          0x00000000   Number         0  ddiv.o ABSOLUTE
    ../fplib/deqf.s                          0x00000000   Number         0  deqf.o ABSOLUTE
    ../fplib/dfixu.s                         0x00000000   Number         0  dfixu.o ABSOLUTE
    ../fplib/dmul.s                          0x00000000   Number         0  dmul.o ABSOLUTE
    ../fplib/dnaninf.s                       0x00000000   Number         0  dnaninf.o ABSOLUTE
    ../fplib/dretinf.s                       0x00000000   Number         0  dretinf.o ABSOLUTE
    ../fplib/fpinit.s                        0x00000000   Number         0  fpinit.o ABSOLUTE
    ../fplib/usenofp.s                       0x00000000   Number         0  usenofp.o ABSOLUTE
    Color.c                                  0x00000000   Number         0  color.o ABSOLUTE
    PLL.c                                    0x00000000   Number         0  pll.o ABSOLUTE
    ST7735.c                                 0x00000000   Number         0  st7735.o ABSOLUTE
    SysTick.c                                0x00000000   Number         0  systick.o ABSOLUTE
    SysTickTestMain.c                        0x00000000   Number         0  systicktestmain.o ABSOLUTE
    dc.s                                     0x00000000   Number         0  dc.o ABSOLUTE
    frame.c                                  0x00000000   Number         0  frame.o ABSOLUTE
    game.c                                   0x00000000   Number         0  game.o ABSOLUTE
    heartbeat.c                              0x00000000   Number         0  heartbeat.o ABSOLUTE
    input.c                                  0x00000000   Number         0  input.o ABSOLUTE
    sound.c                                  0x00000000   Number         0  sound.o ABSOLUTE
    startup.s                                0x00000000   Number         0  startup.o ABSOLUTE
    !!!main                                  0x00000284   Section        8  __main.o(!!!main)
    !!!scatter                               0x0000028c   Section       52  __scatter.o(!!!scatter)
    !!dczerorl2                              0x000002c0   Section       90  __dczerorl2.o(!!dczerorl2)
    !!handler_zi                             0x0000031c   Section       28  __scatter_zi.o(!!handler_zi)
    .ARM.Collect$$libinit$$00000000          0x00000338   Section        2  libinit.o(.ARM.Collect$$libinit$$00000000)
    .ARM.Collect$$libinit$$00000002          0x0000033a   Section        0  libinit2.o(.ARM.Collect$$libinit$$00000002)
    .ARM.Collect$$libinit$$00000008          0x0000033a   Section        0  libinit2.o(.ARM.Collect$$libinit$$00000008)
    .ARM.Collect$$libinit$$0000000A          0x0000033a   Section        0  libinit2.o(.ARM.Collect$$libinit$$0000000A)
    .ARM.Collect$$libinit$$0000000C          0x0000033a   Section        0  libinit2.o(.ARM.Collect$$libinit$$0000000C)
    .ARM.Collect$$libinit$$0000000F          0x0000033a   Section        0  libinit2.o(.ARM.Collect$$libinit$$0000000F)
    .ARM.Collect$$libinit$$00000011          0x0000033a   Section        0  libinit2.o(.ARM.Collect$$libinit$$00000011)
    .ARM.Collect$$libinit$$00000013          0x0000033a   Section        0  libinit2.o(.ARM.Collect$$libinit$$00000013)
    .ARM.Collect$$libinit$$00000015          0x0000033a   Section        0  libinit2.o(.ARM.Collect$$libinit$$00000015)
    .ARM.Collect$$libinit$$00000017          0x0000033a   Section        0  libinit2.o(.ARM.Collect$$libinit$$00000017)
    .ARM.Collect$$libinit$$00000019          0x0000033a   Section        0  libinit2.o(.ARM.Collect$$libinit$$00000019)
    .ARM.Collect$$libinit$$0000001B          0x0000033a   Section        0  libinit2.o(.ARM.Collect$$libinit$$0000001B)
    .ARM.Collect$$libinit$$0000001D          0x0000033a   Section        0  libinit2.o(.ARM.Collect$$libinit$$0000001D)
    .ARM.Collect$$libinit$$0000001F          0x0000033a   Section        0  libinit2.o(.ARM.Collect$$libinit$$0000001F)
    .ARM.Collect$$libinit$$00000021          0x0000033a   Section        0  libinit2.o(.ARM.Collect$$libinit$$00000021)
    .ARM.Collect$$libinit$$00000023          0x0000033a   Section        0  libinit2.o(.ARM.Collect$$libinit$$00000023)
    .ARM.Collect$$libinit$$0000002A          0x0000033a   Section        0  libinit2.o(.ARM.Collect$$libinit$$0000002A)
    .ARM.Collect$$libinit$$0000002C          0x0000033a   Section        0  libinit2.o(.ARM.Collect$$libinit$$0000002C)
    .ARM.Collect$$libinit$$0000002E          0x0000033a   Section        0  libinit2.o(.ARM.Collect$$libinit$$0000002E)
    .ARM.Collect$$libinit$$00000030          0x0000033a   Section        0  libinit2.o(.ARM.Collect$$libinit$$00000030)
    .ARM.Collect$$libinit$$00000031          0x0000033a   Section        2  libinit2.o(.ARM.Collect$$libinit$$00000031)
    .ARM.Collect$$libshutdown$$00000000      0x0000033c   Section        2  libshutdown.o(.ARM.Collect$$libshutdown$$00000000)
    .ARM.Collect$$libshutdown$$00000003      0x0000033e   Section        0  libshutdown2.o(.ARM.Collect$$libshutdown$$00000003)
    .ARM.Collect$$libshutdown$$00000006      0x0000033e   Section        0  libshutdown2.o(.ARM.Collect$$libshutdown$$00000006)
    .ARM.Collect$$libshutdown$$00000009      0x0000033e   Section        0  libshutdown2.o(.ARM.Collect$$libshutdown$$00000009)
    .ARM.Collect$$libshutdown$$0000000B      0x0000033e   Section        0  libshutdown2.o(.ARM.Collect$$libshutdown$$0000000B)
    .ARM.Collect$$libshutdown$$0000000E      0x0000033e   Section        0  libshutdown2.o(.ARM.Collect$$libshutdown$$0000000E)
    .ARM.Collect$$libshutdown$$0000000F      0x0000033e   Section        2  libshutdown2.o(.ARM.Collect$$libshutdown$$0000000F)
    .ARM.Collect$$rtentry$$00000000          0x00000340   Section        0  rtentry.o(.ARM.Collect$$rtentry$$00000000)
    .ARM.Collect$$rtentry$$00000002          0x00000340   Section        0  rtentry2.o(.ARM.Collect$$rtentry$$00000002)
    .ARM.Collect$$rtentry$$00000004          0x00000340   Section        6  rtentry4.o(.ARM.Collect$$rtentry$$00000004)
    .ARM.Collect$$rtentry$$00000009          0x00000346   Section        0  rtentry2.o(.ARM.Collect$$rtentry$$00000009)
    .ARM.Collect$$rtentry$$0000000A          0x00000346   Section        4  rtentry2.o(.ARM.Collect$$rtentry$$0000000A)
    .ARM.Collect$$rtentry$$0000000C          0x0000034a   Section        0  rtentry2.o(.ARM.Collect$$rtentry$$0000000C)
    .ARM.Collect$$rtentry$$0000000D          0x0000034a   Section        8  rtentry2.o(.ARM.Collect$$rtentry$$0000000D)
    .ARM.Collect$$rtexit$$00000000           0x00000352   Section        2  rtexit.o(.ARM.Collect$$rtexit$$00000000)
    .ARM.Collect$$rtexit$$00000002           0x00000354   Section        0  rtexit2.o(.ARM.Collect$$rtexit$$00000002)
    .ARM.Collect$$rtexit$$00000003           0x00000354   Section        4  rtexit2.o(.ARM.Collect$$rtexit$$00000003)
    .ARM.Collect$$rtexit$$00000004           0x00000358   Section        6  rtexit2.o(.ARM.Collect$$rtexit$$00000004)
    .text                                    0x00000360   Section       48  startup.o(.text)
    .text                                    0x00000390   Section      100  rt_memcpy_w.o(.text)
    .text                                    0x000003f4   Section        0  heapauxi.o(.text)
    .text                                    0x000003fa   Section       74  sys_stackheap_outer.o(.text)
    .text                                    0x00000444   Section        0  exit.o(.text)
    .text                                    0x00000450   Section        8  libspace.o(.text)
    .text                                    0x00000458   Section        0  sys_exit.o(.text)
    .text                                    0x00000464   Section        2  use_no_semi.o(.text)
    .text                                    0x00000466   Section        0  indicate_semi.o(.text)
    i.ADC0_InSeq0                            0x00000468   Section        0  input.o(i.ADC0_InSeq0)
    i.Add_Block                              0x000004a4   Section        0  game.o(i.Add_Block)
    i.Add_Castle                             0x000004e8   Section        0  game.o(i.Add_Castle)
    i.Add_Cloud                              0x000005c4   Section        0  game.o(i.Add_Cloud)
    i.Add_Pipe                               0x0000063c   Section        0  game.o(i.Add_Pipe)
    i.Add_Scenery                            0x00000694   Section        0  game.o(i.Add_Scenery)
    i.Add_Shrub                              0x000006d8   Section        0  game.o(i.Add_Shrub)
    i.Add_Small_Bush                         0x00000760   Section        0  game.o(i.Add_Small_Bush)
    i.Add_Stairs                             0x00000784   Section        0  game.o(i.Add_Stairs)
    i.Add_Tall_Bush                          0x00000800   Section        0  game.o(i.Add_Tall_Bush)
    i.Blocks_Init                            0x0000083c   Section        0  game.o(i.Blocks_Init)
    i.Board_Input                            0x00000850   Section        0  input.o(i.Board_Input)
    i.Check_Box_Hitbox                       0x00000874   Section        0  game.o(i.Check_Box_Hitbox)
    i.Check_Enemy_Hitbox                     0x000008ac   Section        0  game.o(i.Check_Enemy_Hitbox)
    i.Delay1ms                               0x000008e4   Section        0  st7735.o(i.Delay1ms)
    i.Enemies_Init                           0x00000904   Section        0  game.o(i.Enemies_Init)
    i.Enemy_Update                           0x0000096c   Section        0  game.o(i.Enemy_Update)
    i.Entity_Collision                       0x000009a4   Section        0  game.o(i.Entity_Collision)
    i.Floating_Init                          0x00000a08   Section        0  game.o(i.Floating_Init)
    i.Floor_Init                             0x00000a70   Section        0  game.o(i.Floor_Init)
    i.Frame_Init                             0x00000ae0   Section        0  frame.o(i.Frame_Init)
    i.Frame_Task                             0x00000afc   Section        0  frame.o(i.Frame_Task)
    i.Get_SW                                 0x00000bb0   Section        0  input.o(i.Get_SW)
    i.Get_XY                                 0x00000bb8   Section        0  input.o(i.Get_XY)
    i.Goomba_Init                            0x00000bc4   Section        0  game.o(i.Goomba_Init)
    i.Goomba_Move                            0x00000c24   Section        0  game.o(i.Goomba_Move)
    i.Goomba_Sprite_Cycle                    0x00000e5c   Section        0  game.o(i.Goomba_Sprite_Cycle)
    i.Heartbeat_Init                         0x00000eac   Section        0  heartbeat.o(i.Heartbeat_Init)
    i.Init_Game                              0x00000f40   Section        0  game.o(i.Init_Game)
    i.Init_Shroom                            0x00000f60   Section        0  game.o(i.Init_Shroom)
    i.Input_Init                             0x00000fac   Section        0  input.o(i.Input_Init)
    i.Next_Frame                             0x00001078   Section        0  game.o(i.Next_Frame)
    i.PLL_Init                               0x0000114c   Section        0  pll.o(i.PLL_Init)
    i.Pipes_Init                             0x000011c8   Section        0  game.o(i.Pipes_Init)
    i.Player_Action                          0x00001208   Section        0  game.o(i.Player_Action)
    i.Player_Init                            0x00001220   Section        0  game.o(i.Player_Init)
    i.Player_Input                           0x00001264   Section        0  game.o(i.Player_Input)
    i.Player_Jump                            0x000012e0   Section        0  game.o(i.Player_Jump)
    i.Player_Move                            0x0000130c   Section        0  game.o(i.Player_Move)
    i.Player_Run                             0x000015a0   Section        0  game.o(i.Player_Run)
    i.Player_Update                          0x00001704   Section        0  game.o(i.Player_Update)
    i.Question_Block_Update                  0x0000181c   Section        0  game.o(i.Question_Block_Update)
    i.SSI1_Out                               0x000018f0   Section        0  sound.o(i.SSI1_Out)
    i.SSI2_Out                               0x00001908   Section        0  sound.o(i.SSI2_Out)
    i.SSI_Init                               0x00001920   Section        0  sound.o(i.SSI_Init)
    i.ST7735_FillRect                        0x00001a8c   Section        0  st7735.o(i.ST7735_FillRect)
    i.ST7735_FillScreen                      0x00001b38   Section        0  st7735.o(i.ST7735_FillScreen)
    i.ST7735_InitR                           0x00001b5c   Section        0  st7735.o(i.ST7735_InitR)
    i.ST7735_SetCursor                       0x00001bd8   Section        0  st7735.o(i.ST7735_SetCursor)
    i.Scenery_Init                           0x00001bf8   Section        0  game.o(i.Scenery_Init)
    i.Set_Sound_Effect                       0x00001c6c   Section        0  sound.o(i.Set_Sound_Effect)
    i.Shroom_Move                            0x00001c9c   Section        0  game.o(i.Shroom_Move)
    i.Shroom_Update                          0x00001e58   Section        0  game.o(i.Shroom_Update)
    i.Sound_Init                             0x00001e88   Section        0  sound.o(i.Sound_Init)
    i.Stairs_Init                            0x00001ec8   Section        0  game.o(i.Stairs_Init)
    i.Switch_Debounce                        0x00001f08   Section        0  input.o(i.Switch_Debounce)
    i.SysTick_Init                           0x00001f32   Section        0  systick.o(i.SysTick_Init)
    i.Timer0A_Handler                        0x00001f4c   Section        0  sound.o(i.Timer0A_Handler)
    i.Timer0A_Init                           0x00001f64   Section        0  sound.o(i.Timer0A_Init)
    i.Timer1A_Handler                        0x00001fd4   Section        0  sound.o(i.Timer1A_Handler)
    i.Timer1_Init                            0x00001fec   Section        0  sound.o(i.Timer1_Init)
    i.Timer2A_Handler                        0x000020a0   Section        0  sound.o(i.Timer2A_Handler)
    i.Timer2_Init                            0x000020b8   Section        0  sound.o(i.Timer2_Init)
    i.Timer3A_Handler                        0x00002114   Section        0  frame.o(i.Timer3A_Handler)
    i.Timer3_Init                            0x0000212c   Section        0  frame.o(i.Timer3_Init)
    i.Update_Mario_Sprite                    0x0000218c   Section        0  game.o(i.Update_Mario_Sprite)
    i.backgroundOutputDac                    0x000021ac   Section        0  sound.o(i.backgroundOutputDac)
    i.commandList                            0x000021f4   Section        0  st7735.o(i.commandList)
    commandList                              0x000021f5   Thumb Code    86  st7735.o(i.commandList)
    i.commonInit                             0x0000224c   Section        0  st7735.o(i.commonInit)
    commonInit                               0x0000224d   Thumb Code   340  st7735.o(i.commonInit)
    i.draw                                   0x000023d0   Section        0  game.o(i.draw)
    i.drawFrame                              0x00002480   Section        0  st7735.o(i.drawFrame)
    i.getColor_16                            0x00002514   Section        0  color.o(i.getColor_16)
    i.getOpacity                             0x0000258c   Section        0  color.o(i.getOpacity)
    i.getRefresh                             0x00002594   Section        0  color.o(i.getRefresh)
    i.getXDirection                          0x0000259c   Section        0  game.o(i.getXDirection)
    i.getYDirection                          0x000025b8   Section        0  game.o(i.getYDirection)
    i.main                                   0x000025d0   Section        0  systicktestmain.o(i.main)
    i.nextBeat                               0x000025f8   Section        0  sound.o(i.nextBeat)
    i.pushColor                              0x000026ac   Section        0  st7735.o(i.pushColor)
    pushColor                                0x000026ad   Thumb Code    18  st7735.o(i.pushColor)
    i.resetAll                               0x000026be   Section        0  systicktestmain.o(i.resetAll)
    i.setAddrWindow                          0x000026e4   Section        0  st7735.o(i.setAddrWindow)
    setAddrWindow                            0x000026e5   Thumb Code   106  st7735.o(i.setAddrWindow)
    i.soundEffectTask                        0x00002758   Section        0  sound.o(i.soundEffectTask)
    i.writecommand                           0x000027bc   Section        0  st7735.o(i.writecommand)
    writecommand                             0x000027bd   Thumb Code    40  st7735.o(i.writecommand)
    i.writedata                              0x000027ec   Section        0  st7735.o(i.writedata)
    writedata                                0x000027ed   Thumb Code    24  st7735.o(i.writedata)
    x$fpl$dadd                               0x0000280c   Section      336  daddsub_clz.o(x$fpl$dadd)
    _dadd1                                   0x0000281d   Thumb Code     0  daddsub_clz.o(x$fpl$dadd)
    x$fpl$dcmpinf                            0x0000295c   Section       24  dcmpi.o(x$fpl$dcmpinf)
    x$fpl$ddiv                               0x00002974   Section      688  ddiv.o(x$fpl$ddiv)
    ddiv_entry                               0x0000297b   Thumb Code     0  ddiv.o(x$fpl$ddiv)
    x$fpl$deqf                               0x00002c24   Section      120  deqf.o(x$fpl$deqf)
    x$fpl$dfixu                              0x00002c9c   Section       90  dfixu.o(x$fpl$dfixu)
    x$fpl$dmul                               0x00002cf8   Section      340  dmul.o(x$fpl$dmul)
    x$fpl$dnaninf                            0x00002e4c   Section      156  dnaninf.o(x$fpl$dnaninf)
    x$fpl$dretinf                            0x00002ee8   Section       12  dretinf.o(x$fpl$dretinf)
    x$fpl$dsub                               0x00002ef4   Section      468  daddsub_clz.o(x$fpl$dsub)
    _dsub1                                   0x00002f05   Thumb Code     0  daddsub_clz.o(x$fpl$dsub)
    .constdata                               0x000030c8   Section    18324  game.o(.constdata)
    x$fpl$usenofp                            0x000030c8   Section        0  usenofp.o(x$fpl$usenofp)
    .constdata                               0x00007860   Section    19216  sound.o(.constdata)
    jumpSound                                0x0000909c   Data       13012  sound.o(.constdata)
    .constdata                               0x0000c370   Section     2018  st7735.o(.constdata)
    Font                                     0x0000c370   Data        1275  st7735.o(.constdata)
    Bcmd                                     0x0000c86b   Data         103  st7735.o(.constdata)
    Rcmd1                                    0x0000c8d2   Data          59  st7735.o(.constdata)
    Rcmd2green                               0x0000c90d   Data          13  st7735.o(.constdata)
    Rcmd2red                                 0x0000c91a   Data          13  st7735.o(.constdata)
    Rcmd3                                    0x0000c927   Data          43  st7735.o(.constdata)
    .data                                    0x20000000   Section        1  systicktestmain.o(.data)
    .data                                    0x20000004   Section        8  frame.o(.data)
    count                                    0x20000004   Data           4  frame.o(.data)
    .data                                    0x2000000c   Section      568  game.o(.data)
    .data                                    0x20000244   Section        8  heartbeat.o(.data)
    .data                                    0x2000024c   Section       37  sound.o(.data)
    songPointer                              0x2000024c   Data           4  sound.o(.data)
    soundEffectCounter                       0x20000258   Data           4  sound.o(.data)
    currentDuration                          0x2000025c   Data           4  sound.o(.data)
    amplitudePointer                         0x20000260   Data           4  sound.o(.data)
    .data                                    0x20000274   Section       44  st7735.o(.data)
    _width                                   0x2000027e   Data           2  st7735.o(.data)
    _height                                  0x20000280   Data           2  st7735.o(.data)
    ColStart                                 0x20000288   Data           1  st7735.o(.data)
    RowStart                                 0x20000289   Data           1  st7735.o(.data)
    Rotation                                 0x2000028a   Data           1  st7735.o(.data)
    TabColor                                 0x2000028b   Data           1  st7735.o(.data)
    .bss                                     0x200002a0   Section      800  frame.o(.bss)
    times                                    0x200002a0   Data         400  frame.o(.bss)
    differences                              0x20000430   Data         400  frame.o(.bss)
    .bss                                     0x200005c0   Section    27836  game.o(.bss)
    .bss                                     0x2000727c   Section       96  libspace.o(.bss)
    HEAP                                     0x200072e0   Section        0  startup.o(HEAP)
    STACK                                    0x200072e0   Section     1024  startup.o(STACK)
    HeapMem                                  0x200072e0   Data           0  startup.o(HEAP)
    StackMem                                 0x200072e0   Data           0  startup.o(STACK)

    Global Symbols

    Symbol Name                              Value     Ov Type        Size  Object(Section)

    BuildAttributes$$THM_ISAv4$E$P$D$K$B$S$7EM$PE$A:L22UL41UL21$X:L11$S22US41US21$IEEE1$IW$USESV6$~STKCKD$USESV7$~SHL$OSPACE$ROPI$EBA8$UX$STANDARDLIB$REQ8$PRES8$EABIv2 0x00000000   Number         0  anon$$obj.o ABSOLUTE
    __ARM_use_no_argv                        0x00000000   Number         0  systicktestmain.o ABSOLUTE
    __Vectors                                0x00000000   Data           0  startup.o(RESET)
    __ARM_exceptions_init                     - Undefined Weak Reference
    __alloca_initialize                       - Undefined Weak Reference
    __cpp_initialize__aeabi_                  - Undefined Weak Reference
    __cxa_finalize                            - Undefined Weak Reference
    __rt_locale                               - Undefined Weak Reference
    __sigvec_lookup                           - Undefined Weak Reference
    _atexit_init                              - Undefined Weak Reference
    _call_atexit_fns                          - Undefined Weak Reference
    _clock_init                               - Undefined Weak Reference
    _fp_trap_init                             - Undefined Weak Reference
    _fp_trap_shutdown                         - Undefined Weak Reference
    _get_lc_collate                           - Undefined Weak Reference
    _get_lc_ctype                             - Undefined Weak Reference
    _get_lc_monetary                          - Undefined Weak Reference
    _get_lc_numeric                           - Undefined Weak Reference
    _get_lc_time                              - Undefined Weak Reference
    _getenv_init                              - Undefined Weak Reference
    _handle_redirection                       - Undefined Weak Reference
    _init_alloc                               - Undefined Weak Reference
    _init_user_alloc                          - Undefined Weak Reference
    _initio                                   - Undefined Weak Reference
    _rand_init                                - Undefined Weak Reference
    _signal_finish                            - Undefined Weak Reference
    _signal_init                              - Undefined Weak Reference
    _terminate_alloc                          - Undefined Weak Reference
    _terminate_user_alloc                     - Undefined Weak Reference
    _terminateio                              - Undefined Weak Reference
    Reset_Handler                            0x0000026d   Thumb Code     0  startup.o(RESET)
    NMI_Handler                              0x00000271   Thumb Code     2  startup.o(RESET)
    HardFault_Handler                        0x00000273   Thumb Code     2  startup.o(RESET)
    MemManage_Handler                        0x00000275   Thumb Code     2  startup.o(RESET)
    BusFault_Handler                         0x00000277   Thumb Code     2  startup.o(RESET)
    UsageFault_Handler                       0x00000279   Thumb Code     2  startup.o(RESET)
    SVC_Handler                              0x0000027b   Thumb Code     2  startup.o(RESET)
    DebugMon_Handler                         0x0000027d   Thumb Code     2  startup.o(RESET)
    PendSV_Handler                           0x0000027f   Thumb Code     2  startup.o(RESET)
    SysTick_Handler                          0x00000281   Thumb Code     2  startup.o(RESET)
    ADC0Seq0_Handler                         0x00000283   Thumb Code     0  startup.o(RESET)
    ADC0Seq1_Handler                         0x00000283   Thumb Code     0  startup.o(RESET)
    ADC0Seq2_Handler                         0x00000283   Thumb Code     0  startup.o(RESET)
    ADC0Seq3_Handler                         0x00000283   Thumb Code     0  startup.o(RESET)
    ADC1Seq0_Handler                         0x00000283   Thumb Code     0  startup.o(RESET)
    ADC1Seq1_Handler                         0x00000283   Thumb Code     0  startup.o(RESET)
    ADC1Seq2_Handler                         0x00000283   Thumb Code     0  startup.o(RESET)
    ADC1Seq3_Handler                         0x00000283   Thumb Code     0  startup.o(RESET)
    CAN0_Handler                             0x00000283   Thumb Code     0  startup.o(RESET)
    CAN1_Handler                             0x00000283   Thumb Code     0  startup.o(RESET)
    CAN2_Handler                             0x00000283   Thumb Code     0  startup.o(RESET)
    Comp0_Handler                            0x00000283   Thumb Code     0  startup.o(RESET)
    Comp1_Handler                            0x00000283   Thumb Code     0  startup.o(RESET)
    Comp2_Handler                            0x00000283   Thumb Code     0  startup.o(RESET)
    Ethernet_Handler                         0x00000283   Thumb Code     0  startup.o(RESET)
    ExtBus_Handler                           0x00000283   Thumb Code     0  startup.o(RESET)
    FPU_Handler                              0x00000283   Thumb Code     0  startup.o(RESET)
    Fan0_Handler                             0x00000283   Thumb Code     0  startup.o(RESET)
    FlashCtl_Handler                         0x00000283   Thumb Code     0  startup.o(RESET)
    GPIOPortA_Handler                        0x00000283   Thumb Code     0  startup.o(RESET)
    GPIOPortB_Handler                        0x00000283   Thumb Code     0  startup.o(RESET)
    GPIOPortC_Handler                        0x00000283   Thumb Code     0  startup.o(RESET)
    GPIOPortD_Handler                        0x00000283   Thumb Code     0  startup.o(RESET)
    GPIOPortE_Handler                        0x00000283   Thumb Code     0  startup.o(RESET)
    GPIOPortF_Handler                        0x00000283   Thumb Code     0  startup.o(RESET)
    GPIOPortG_Handler                        0x00000283   Thumb Code     0  startup.o(RESET)
    GPIOPortH_Handler                        0x00000283   Thumb Code     0  startup.o(RESET)
    GPIOPortJ_Handler                        0x00000283   Thumb Code     0  startup.o(RESET)
    GPIOPortK_Handler                        0x00000283   Thumb Code     0  startup.o(RESET)
    GPIOPortL_Handler                        0x00000283   Thumb Code     0  startup.o(RESET)
    GPIOPortM_Handler                        0x00000283   Thumb Code     0  startup.o(RESET)
    GPIOPortN_Handler                        0x00000283   Thumb Code     0  startup.o(RESET)
    GPIOPortP1_Handler                       0x00000283   Thumb Code     0  startup.o(RESET)
    GPIOPortP2_Handler                       0x00000283   Thumb Code     0  startup.o(RESET)
    GPIOPortP3_Handler                       0x00000283   Thumb Code     0  startup.o(RESET)
    GPIOPortP4_Handler                       0x00000283   Thumb Code     0  startup.o(RESET)
    GPIOPortP5_Handler                       0x00000283   Thumb Code     0  startup.o(RESET)
    GPIOPortP6_Handler                       0x00000283   Thumb Code     0  startup.o(RESET)
    GPIOPortP7_Handler                       0x00000283   Thumb Code     0  startup.o(RESET)
    GPIOPortP_Handler                        0x00000283   Thumb Code     0  startup.o(RESET)
    GPIOPortQ1_Handler                       0x00000283   Thumb Code     0  startup.o(RESET)
    GPIOPortQ2_Handler                       0x00000283   Thumb Code     0  startup.o(RESET)
    GPIOPortQ3_Handler                       0x00000283   Thumb Code     0  startup.o(RESET)
    GPIOPortQ4_Handler                       0x00000283   Thumb Code     0  startup.o(RESET)
    GPIOPortQ5_Handler                       0x00000283   Thumb Code     0  startup.o(RESET)
    GPIOPortQ6_Handler                       0x00000283   Thumb Code     0  startup.o(RESET)
    GPIOPortQ7_Handler                       0x00000283   Thumb Code     0  startup.o(RESET)
    GPIOPortQ_Handler                        0x00000283   Thumb Code     0  startup.o(RESET)
    GPIOPortR_Handler                        0x00000283   Thumb Code     0  startup.o(RESET)
    GPIOPortS_Handler                        0x00000283   Thumb Code     0  startup.o(RESET)
    Hibernate_Handler                        0x00000283   Thumb Code     0  startup.o(RESET)
    I2C0_Handler                             0x00000283   Thumb Code     0  startup.o(RESET)
    I2C1_Handler                             0x00000283   Thumb Code     0  startup.o(RESET)
    I2C2_Handler                             0x00000283   Thumb Code     0  startup.o(RESET)
    I2C3_Handler                             0x00000283   Thumb Code     0  startup.o(RESET)
    I2C4_Handler                             0x00000283   Thumb Code     0  startup.o(RESET)
    I2C5_Handler                             0x00000283   Thumb Code     0  startup.o(RESET)
    I2S0_Handler                             0x00000283   Thumb Code     0  startup.o(RESET)
    LPC0_Handler                             0x00000283   Thumb Code     0  startup.o(RESET)
    PECI0_Handler                            0x00000283   Thumb Code     0  startup.o(RESET)
    PWM0Fault_Handler                        0x00000283   Thumb Code     0  startup.o(RESET)
    PWM0Generator0_Handler                   0x00000283   Thumb Code     0  startup.o(RESET)
    PWM0Generator1_Handler                   0x00000283   Thumb Code     0  startup.o(RESET)
    PWM0Generator2_Handler                   0x00000283   Thumb Code     0  startup.o(RESET)
    PWM0Generator3_Handler                   0x00000283   Thumb Code     0  startup.o(RESET)
    PWM1Fault_Handler                        0x00000283   Thumb Code     0  startup.o(RESET)
    PWM1Generator0_Handler                   0x00000283   Thumb Code     0  startup.o(RESET)
    PWM1Generator1_Handler                   0x00000283   Thumb Code     0  startup.o(RESET)
    PWM1Generator2_Handler                   0x00000283   Thumb Code     0  startup.o(RESET)
    PWM1Generator3_Handler                   0x00000283   Thumb Code     0  startup.o(RESET)
    Quadrature0_Handler                      0x00000283   Thumb Code     0  startup.o(RESET)
    Quadrature1_Handler                      0x00000283   Thumb Code     0  startup.o(RESET)
    Quadrature2_Handler                      0x00000283   Thumb Code     0  startup.o(RESET)
    SSI0_Handler                             0x00000283   Thumb Code     0  startup.o(RESET)
    SSI1_Handler                             0x00000283   Thumb Code     0  startup.o(RESET)
    SSI2_Handler                             0x00000283   Thumb Code     0  startup.o(RESET)
    SSI3_Handler                             0x00000283   Thumb Code     0  startup.o(RESET)
    SysCtl_Handler                           0x00000283   Thumb Code     0  startup.o(RESET)
    Timer0B_Handler                          0x00000283   Thumb Code     0  startup.o(RESET)
    Timer1B_Handler                          0x00000283   Thumb Code     0  startup.o(RESET)
    Timer2B_Handler                          0x00000283   Thumb Code     0  startup.o(RESET)
    Timer3B_Handler                          0x00000283   Thumb Code     0  startup.o(RESET)
    Timer4A_Handler                          0x00000283   Thumb Code     0  startup.o(RESET)
    Timer4B_Handler                          0x00000283   Thumb Code     0  startup.o(RESET)
    Timer5A_Handler                          0x00000283   Thumb Code     0  startup.o(RESET)
    Timer5B_Handler                          0x00000283   Thumb Code     0  startup.o(RESET)
    UART0_Handler                            0x00000283   Thumb Code     0  startup.o(RESET)
    UART1_Handler                            0x00000283   Thumb Code     0  startup.o(RESET)
    UART2_Handler                            0x00000283   Thumb Code     0  startup.o(RESET)
    UART3_Handler                            0x00000283   Thumb Code     0  startup.o(RESET)
    UART4_Handler                            0x00000283   Thumb Code     0  startup.o(RESET)
    UART5_Handler                            0x00000283   Thumb Code     0  startup.o(RESET)
    UART6_Handler                            0x00000283   Thumb Code     0  startup.o(RESET)
    UART7_Handler                            0x00000283   Thumb Code     0  startup.o(RESET)
    USB0_Handler                             0x00000283   Thumb Code     0  startup.o(RESET)
    WDT_Handler                              0x00000283   Thumb Code     0  startup.o(RESET)
    WideTimer0A_Handler                      0x00000283   Thumb Code     0  startup.o(RESET)
    WideTimer0B_Handler                      0x00000283   Thumb Code     0  startup.o(RESET)
    WideTimer1A_Handler                      0x00000283   Thumb Code     0  startup.o(RESET)
    WideTimer1B_Handler                      0x00000283   Thumb Code     0  startup.o(RESET)
    WideTimer2A_Handler                      0x00000283   Thumb Code     0  startup.o(RESET)
    WideTimer2B_Handler                      0x00000283   Thumb Code     0  startup.o(RESET)
    WideTimer3A_Handler                      0x00000283   Thumb Code     0  startup.o(RESET)
    WideTimer3B_Handler                      0x00000283   Thumb Code     0  startup.o(RESET)
    WideTimer4A_Handler                      0x00000283   Thumb Code     0  startup.o(RESET)
    WideTimer4B_Handler                      0x00000283   Thumb Code     0  startup.o(RESET)
    WideTimer5A_Handler                      0x00000283   Thumb Code     0  startup.o(RESET)
    WideTimer5B_Handler                      0x00000283   Thumb Code     0  startup.o(RESET)
    uDMA_Error                               0x00000283   Thumb Code     0  startup.o(RESET)
    uDMA_Handler                             0x00000283   Thumb Code     0  startup.o(RESET)
    __main                                   0x00000285   Thumb Code     8  __main.o(!!!main)
    __scatterload                            0x0000028d   Thumb Code     0  __scatter.o(!!!scatter)
    __scatterload_rt2                        0x0000028d   Thumb Code    44  __scatter.o(!!!scatter)
    __scatterload_rt2_thumb_only             0x0000028d   Thumb Code     0  __scatter.o(!!!scatter)
    __scatterload_null                       0x0000029b   Thumb Code     0  __scatter.o(!!!scatter)
    __decompress                             0x000002c1   Thumb Code    90  __dczerorl2.o(!!dczerorl2)
    __decompress1                            0x000002c1   Thumb Code     0  __dczerorl2.o(!!dczerorl2)
    __scatterload_zeroinit                   0x0000031d   Thumb Code    28  __scatter_zi.o(!!handler_zi)
    __rt_lib_init                            0x00000339   Thumb Code     0  libinit.o(.ARM.Collect$$libinit$$00000000)
    __rt_lib_init_alloca_1                   0x0000033b   Thumb Code     0  libinit2.o(.ARM.Collect$$libinit$$0000002C)
    __rt_lib_init_argv_1                     0x0000033b   Thumb Code     0  libinit2.o(.ARM.Collect$$libinit$$0000002A)
    __rt_lib_init_atexit_1                   0x0000033b   Thumb Code     0  libinit2.o(.ARM.Collect$$libinit$$00000019)
    __rt_lib_init_clock_1                    0x0000033b   Thumb Code     0  libinit2.o(.ARM.Collect$$libinit$$0000001F)
    __rt_lib_init_cpp_1                      0x0000033b   Thumb Code     0  libinit2.o(.ARM.Collect$$libinit$$00000030)
    __rt_lib_init_exceptions_1               0x0000033b   Thumb Code     0  libinit2.o(.ARM.Collect$$libinit$$0000002E)
    __rt_lib_init_fp_1                       0x0000033b   Thumb Code     0  libinit2.o(.ARM.Collect$$libinit$$00000002)
    __rt_lib_init_fp_trap_1                  0x0000033b   Thumb Code     0  libinit2.o(.ARM.Collect$$libinit$$0000001D)
    __rt_lib_init_getenv_1                   0x0000033b   Thumb Code     0  libinit2.o(.ARM.Collect$$libinit$$00000021)
    __rt_lib_init_heap_1                     0x0000033b   Thumb Code     0  libinit2.o(.ARM.Collect$$libinit$$00000008)
    __rt_lib_init_lc_collate_1               0x0000033b   Thumb Code     0  libinit2.o(.ARM.Collect$$libinit$$0000000F)
    __rt_lib_init_lc_ctype_1                 0x0000033b   Thumb Code     0  libinit2.o(.ARM.Collect$$libinit$$00000011)
    __rt_lib_init_lc_monetary_1              0x0000033b   Thumb Code     0  libinit2.o(.ARM.Collect$$libinit$$00000013)
    __rt_lib_init_lc_numeric_1               0x0000033b   Thumb Code     0  libinit2.o(.ARM.Collect$$libinit$$00000015)
    __rt_lib_init_lc_time_1                  0x0000033b   Thumb Code     0  libinit2.o(.ARM.Collect$$libinit$$00000017)
    __rt_lib_init_rand_1                     0x0000033b   Thumb Code     0  libinit2.o(.ARM.Collect$$libinit$$0000000C)
    __rt_lib_init_return                     0x0000033b   Thumb Code     0  libinit2.o(.ARM.Collect$$libinit$$00000031)
    __rt_lib_init_signal_1                   0x0000033b   Thumb Code     0  libinit2.o(.ARM.Collect$$libinit$$0000001B)
    __rt_lib_init_stdio_1                    0x0000033b   Thumb Code     0  libinit2.o(.ARM.Collect$$libinit$$00000023)
    __rt_lib_init_user_alloc_1               0x0000033b   Thumb Code     0  libinit2.o(.ARM.Collect$$libinit$$0000000A)
    __rt_lib_shutdown                        0x0000033d   Thumb Code     0  libshutdown.o(.ARM.Collect$$libshutdown$$00000000)
    __rt_lib_shutdown_fp_trap_1              0x0000033f   Thumb Code     0  libshutdown2.o(.ARM.Collect$$libshutdown$$00000006)
    __rt_lib_shutdown_heap_1                 0x0000033f   Thumb Code     0  libshutdown2.o(.ARM.Collect$$libshutdown$$0000000E)
    __rt_lib_shutdown_return                 0x0000033f   Thumb Code     0  libshutdown2.o(.ARM.Collect$$libshutdown$$0000000F)
    __rt_lib_shutdown_signal_1               0x0000033f   Thumb Code     0  libshutdown2.o(.ARM.Collect$$libshutdown$$00000009)
    __rt_lib_shutdown_stdio_1                0x0000033f   Thumb Code     0  libshutdown2.o(.ARM.Collect$$libshutdown$$00000003)
    __rt_lib_shutdown_user_alloc_1           0x0000033f   Thumb Code     0  libshutdown2.o(.ARM.Collect$$libshutdown$$0000000B)
    __rt_entry                               0x00000341   Thumb Code     0  rtentry.o(.ARM.Collect$$rtentry$$00000000)
    __rt_entry_presh_1                       0x00000341   Thumb Code     0  rtentry2.o(.ARM.Collect$$rtentry$$00000002)
    __rt_entry_sh                            0x00000341   Thumb Code     0  rtentry4.o(.ARM.Collect$$rtentry$$00000004)
    __rt_entry_li                            0x00000347   Thumb Code     0  rtentry2.o(.ARM.Collect$$rtentry$$0000000A)
    __rt_entry_postsh_1                      0x00000347   Thumb Code     0  rtentry2.o(.ARM.Collect$$rtentry$$00000009)
    __rt_entry_main                          0x0000034b   Thumb Code     0  rtentry2.o(.ARM.Collect$$rtentry$$0000000D)
    __rt_entry_postli_1                      0x0000034b   Thumb Code     0  rtentry2.o(.ARM.Collect$$rtentry$$0000000C)
    __rt_exit                                0x00000353   Thumb Code     0  rtexit.o(.ARM.Collect$$rtexit$$00000000)
    __rt_exit_ls                             0x00000355   Thumb Code     0  rtexit2.o(.ARM.Collect$$rtexit$$00000003)
    __rt_exit_prels_1                        0x00000355   Thumb Code     0  rtexit2.o(.ARM.Collect$$rtexit$$00000002)
    __rt_exit_exit                           0x00000359   Thumb Code     0  rtexit2.o(.ARM.Collect$$rtexit$$00000004)
    DisableInterrupts                        0x00000361   Thumb Code     0  startup.o(.text)
    EnableInterrupts                         0x00000365   Thumb Code     0  startup.o(.text)
    StartCritical                            0x00000369   Thumb Code     0  startup.o(.text)
    EndCritical                              0x00000371   Thumb Code     0  startup.o(.text)
    WaitForInterrupt                         0x00000377   Thumb Code     0  startup.o(.text)
    __user_initial_stackheap                 0x0000037b   Thumb Code     0  startup.o(.text)
    __aeabi_memcpy4                          0x00000391   Thumb Code     0  rt_memcpy_w.o(.text)
    __aeabi_memcpy8                          0x00000391   Thumb Code     0  rt_memcpy_w.o(.text)
    __rt_memcpy_w                            0x00000391   Thumb Code   100  rt_memcpy_w.o(.text)
    _memcpy_lastbytes_aligned                0x000003d9   Thumb Code     0  rt_memcpy_w.o(.text)
    __use_two_region_memory                  0x000003f5   Thumb Code     2  heapauxi.o(.text)
    __rt_heap_escrow$2region                 0x000003f7   Thumb Code     2  heapauxi.o(.text)
    __rt_heap_expand$2region                 0x000003f9   Thumb Code     2  heapauxi.o(.text)
    __user_setup_stackheap                   0x000003fb   Thumb Code    74  sys_stackheap_outer.o(.text)
    exit                                     0x00000445   Thumb Code    12  exit.o(.text)
    __user_libspace                          0x00000451   Thumb Code     8  libspace.o(.text)
    __user_perproc_libspace                  0x00000451   Thumb Code     0  libspace.o(.text)
    __user_perthread_libspace                0x00000451   Thumb Code     0  libspace.o(.text)
    _sys_exit                                0x00000459   Thumb Code     8  sys_exit.o(.text)
    __I$use$semihosting                      0x00000465   Thumb Code     0  use_no_semi.o(.text)
    __use_no_semihosting_swi                 0x00000465   Thumb Code     2  use_no_semi.o(.text)
    __semihosting_library_function           0x00000467   Thumb Code     0  indicate_semi.o(.text)
    ADC0_InSeq0                              0x00000469   Thumb Code    56  input.o(i.ADC0_InSeq0)
    Add_Block                                0x000004a5   Thumb Code    60  game.o(i.Add_Block)
    Add_Castle                               0x000004e9   Thumb Code   182  game.o(i.Add_Castle)
    Add_Cloud                                0x000005c5   Thumb Code   106  game.o(i.Add_Cloud)
    Add_Pipe                                 0x0000063d   Thumb Code    74  game.o(i.Add_Pipe)
    Add_Scenery                              0x00000695   Thumb Code    58  game.o(i.Add_Scenery)
    Add_Shrub                                0x000006d9   Thumb Code   120  game.o(i.Add_Shrub)
    Add_Small_Bush                           0x00000761   Thumb Code    26  game.o(i.Add_Small_Bush)
    Add_Stairs                               0x00000785   Thumb Code   116  game.o(i.Add_Stairs)
    Add_Tall_Bush                            0x00000801   Thumb Code    48  game.o(i.Add_Tall_Bush)
    Blocks_Init                              0x0000083d   Thumb Code    20  game.o(i.Blocks_Init)
    Board_Input                              0x00000851   Thumb Code    28  input.o(i.Board_Input)
    Check_Box_Hitbox                         0x00000875   Thumb Code    50  game.o(i.Check_Box_Hitbox)
    Check_Enemy_Hitbox                       0x000008ad   Thumb Code    52  game.o(i.Check_Enemy_Hitbox)
    Delay1ms                                 0x000008e5   Thumb Code    32  st7735.o(i.Delay1ms)
    Enemies_Init                             0x00000905   Thumb Code   104  game.o(i.Enemies_Init)
    Enemy_Update                             0x0000096d   Thumb Code    46  game.o(i.Enemy_Update)
    Entity_Collision                         0x000009a5   Thumb Code   100  game.o(i.Entity_Collision)
    Floating_Init                            0x00000a09   Thumb Code    74  game.o(i.Floating_Init)
    Floor_Init                               0x00000a71   Thumb Code   108  game.o(i.Floor_Init)
    Frame_Init                               0x00000ae1   Thumb Code    20  frame.o(i.Frame_Init)
    Frame_Task                               0x00000afd   Thumb Code   166  frame.o(i.Frame_Task)
    Get_SW                                   0x00000bb1   Thumb Code     8  input.o(i.Get_SW)
    Get_XY                                   0x00000bb9   Thumb Code    12  input.o(i.Get_XY)
    Goomba_Init                              0x00000bc5   Thumb Code    84  game.o(i.Goomba_Init)
    Goomba_Move                              0x00000c25   Thumb Code   556  game.o(i.Goomba_Move)
    Goomba_Sprite_Cycle                      0x00000e5d   Thumb Code    68  game.o(i.Goomba_Sprite_Cycle)
    Heartbeat_Init                           0x00000ead   Thumb Code   116  heartbeat.o(i.Heartbeat_Init)
    Init_Game                                0x00000f41   Thumb Code    26  game.o(i.Init_Game)
    Init_Shroom                              0x00000f61   Thumb Code    64  game.o(i.Init_Shroom)
    Input_Init                               0x00000fad   Thumb Code   182  input.o(i.Input_Init)
    Next_Frame                               0x00001079   Thumb Code   182  game.o(i.Next_Frame)
    PLL_Init                                 0x0000114d   Thumb Code   118  pll.o(i.PLL_Init)
    Pipes_Init                               0x000011c9   Thumb Code    64  game.o(i.Pipes_Init)
    Player_Action                            0x00001209   Thumb Code    18  game.o(i.Player_Action)
    Player_Init                              0x00001221   Thumb Code    58  game.o(i.Player_Init)
    Player_Input                             0x00001265   Thumb Code   118  game.o(i.Player_Input)
    Player_Jump                              0x000012e1   Thumb Code    34  game.o(i.Player_Jump)
    Player_Move                              0x0000130d   Thumb Code   620  game.o(i.Player_Move)
    Player_Run                               0x000015a1   Thumb Code   328  game.o(i.Player_Run)
    Player_Update                            0x00001705   Thumb Code   248  game.o(i.Player_Update)
    Question_Block_Update                    0x0000181d   Thumb Code   182  game.o(i.Question_Block_Update)
    SSI1_Out                                 0x000018f1   Thumb Code    18  sound.o(i.SSI1_Out)
    SSI2_Out                                 0x00001909   Thumb Code    18  sound.o(i.SSI2_Out)
    SSI_Init                                 0x00001921   Thumb Code   306  sound.o(i.SSI_Init)
    ST7735_FillRect                          0x00001a8d   Thumb Code   164  st7735.o(i.ST7735_FillRect)
    ST7735_FillScreen                        0x00001b39   Thumb Code    28  st7735.o(i.ST7735_FillScreen)
    ST7735_InitR                             0x00001b5d   Thumb Code    90  st7735.o(i.ST7735_InitR)
    ST7735_SetCursor                         0x00001bd9   Thumb Code    22  st7735.o(i.ST7735_SetCursor)
    Scenery_Init                             0x00001bf9   Thumb Code   116  game.o(i.Scenery_Init)
    Set_Sound_Effect                         0x00001c6d   Thumb Code    36  sound.o(i.Set_Sound_Effect)
    Shroom_Move                              0x00001c9d   Thumb Code   436  game.o(i.Shroom_Move)
    Shroom_Update                            0x00001e59   Thumb Code    38  game.o(i.Shroom_Update)
    Sound_Init                               0x00001e89   Thumb Code    40  sound.o(i.Sound_Init)
    Stairs_Init                              0x00001ec9   Thumb Code    64  game.o(i.Stairs_Init)
    Switch_Debounce                          0x00001f09   Thumb Code    42  input.o(i.Switch_Debounce)
    SysTick_Init                             0x00001f33   Thumb Code    24  systick.o(i.SysTick_Init)
    Timer0A_Handler                          0x00001f4d   Thumb Code    16  sound.o(i.Timer0A_Handler)
    Timer0A_Init                             0x00001f65   Thumb Code    88  sound.o(i.Timer0A_Init)
    Timer1A_Handler                          0x00001fd5   Thumb Code    16  sound.o(i.Timer1A_Handler)
    Timer1_Init                              0x00001fed   Thumb Code   138  sound.o(i.Timer1_Init)
    Timer2A_Handler                          0x000020a1   Thumb Code    16  sound.o(i.Timer2A_Handler)
    Timer2_Init                              0x000020b9   Thumb Code    70  sound.o(i.Timer2_Init)
    Timer3A_Handler                          0x00002115   Thumb Code    16  frame.o(i.Timer3A_Handler)
    Timer3_Init                              0x0000212d   Thumb Code    74  frame.o(i.Timer3_Init)
    Update_Mario_Sprite                      0x0000218d   Thumb Code    22  game.o(i.Update_Mario_Sprite)
    backgroundOutputDac                      0x000021ad   Thumb Code    62  sound.o(i.backgroundOutputDac)
    draw                                     0x000023d1   Thumb Code   170  game.o(i.draw)
    drawFrame                                0x00002481   Thumb Code   140  st7735.o(i.drawFrame)
    getColor_16                              0x00002515   Thumb Code   120  color.o(i.getColor_16)
    getOpacity                               0x0000258d   Thumb Code     8  color.o(i.getOpacity)
    getRefresh                               0x00002595   Thumb Code     8  color.o(i.getRefresh)
    getXDirection                            0x0000259d   Thumb Code    28  game.o(i.getXDirection)
    getYDirection                            0x000025b9   Thumb Code    22  game.o(i.getYDirection)
    main                                     0x000025d1   Thumb Code    34  systicktestmain.o(i.main)
    nextBeat                                 0x000025f9   Thumb Code   148  sound.o(i.nextBeat)
    resetAll                                 0x000026bf   Thumb Code    36  systicktestmain.o(i.resetAll)
    soundEffectTask                          0x00002759   Thumb Code    84  sound.o(i.soundEffectTask)
    __aeabi_dadd                             0x0000280d   Thumb Code     0  daddsub_clz.o(x$fpl$dadd)
    _dadd                                    0x0000280d   Thumb Code   332  daddsub_clz.o(x$fpl$dadd)
    __fpl_dcmp_Inf                           0x0000295d   Thumb Code    24  dcmpi.o(x$fpl$dcmpinf)
    __aeabi_ddiv                             0x00002975   Thumb Code     0  ddiv.o(x$fpl$ddiv)
    _ddiv                                    0x00002975   Thumb Code   552  ddiv.o(x$fpl$ddiv)
    __aeabi_cdcmpeq                          0x00002c25   Thumb Code     0  deqf.o(x$fpl$deqf)
    _dcmpeq                                  0x00002c25   Thumb Code   120  deqf.o(x$fpl$deqf)
    __aeabi_d2uiz                            0x00002c9d   Thumb Code     0  dfixu.o(x$fpl$dfixu)
    _dfixu                                   0x00002c9d   Thumb Code    90  dfixu.o(x$fpl$dfixu)
    __aeabi_dmul                             0x00002cf9   Thumb Code     0  dmul.o(x$fpl$dmul)
    _dmul                                    0x00002cf9   Thumb Code   332  dmul.o(x$fpl$dmul)
    __fpl_dnaninf                            0x00002e4d   Thumb Code   156  dnaninf.o(x$fpl$dnaninf)
    __fpl_dretinf                            0x00002ee9   Thumb Code    12  dretinf.o(x$fpl$dretinf)
    __aeabi_dsub                             0x00002ef5   Thumb Code     0  daddsub_clz.o(x$fpl$dsub)
    _dsub                                    0x00002ef5   Thumb Code   464  daddsub_clz.o(x$fpl$dsub)
    __I$use$fp                               0x000030c8   Number         0  usenofp.o(x$fpl$usenofp)
    base_block_pixels                        0x000030c8   Data         256  game.o(.constdata)
    brick_block_pixels                       0x000031c8   Data         256  game.o(.constdata)
    bush_base_pixels                         0x000032c8   Data        1280  game.o(.constdata)
    bush_top_pixels                          0x000037c8   Data         912  game.o(.constdata)
    castle_bottom_pixels                     0x00003b58   Data        3840  game.o(.constdata)
    castle_top_pixels                        0x00004a58   Data        1536  game.o(.constdata)
    cloud_1_pixels                           0x00005058   Data         104  game.o(.constdata)
    cloud_2_pixels                           0x000050c0   Data         384  game.o(.constdata)
    cloud_3_pixels                           0x00005240   Data         120  game.o(.constdata)
    flag_ball_pixels                         0x000052b8   Data          64  game.o(.constdata)
    pipe_pixels                              0x000052f8   Data         448  game.o(.constdata)
    pipe_top_pixels                          0x000054b8   Data         512  game.o(.constdata)
    pole_pixels                              0x000056b8   Data         128  game.o(.constdata)
    question_block_1_pixels                  0x00005738   Data         256  game.o(.constdata)
    shrub_1_pixels                           0x00005838   Data          56  game.o(.constdata)
    shrub_2_pixels                           0x00005870   Data         256  game.o(.constdata)
    shrub_3_pixels                           0x00005970   Data          99  game.o(.constdata)
    strong_block_pixels                      0x000059d3   Data         256  game.o(.constdata)
    mario_1_stand_pixels                     0x00005ad3   Data         256  game.o(.constdata)
    mario_1_run_1_pixels                     0x00005bd3   Data         256  game.o(.constdata)
    mario_1_run_2_pixels                     0x00005cd3   Data         256  game.o(.constdata)
    mario_1_run_3_pixels                     0x00005dd3   Data         256  game.o(.constdata)
    mario_1_jump_pixels                      0x00005ed3   Data         256  game.o(.constdata)
    flag_pixels                              0x00005fd3   Data         256  game.o(.constdata)
    mario_1_flag_pixels                      0x000060d3   Data         256  game.o(.constdata)
    goomba_walk_1_pixels                     0x000061d3   Data         256  game.o(.constdata)
    goomba_walk_2_pixels                     0x000062d3   Data         256  game.o(.constdata)
    goomba_smash_pixels                      0x000063d3   Data         128  game.o(.constdata)
    mario_hit_pixels                         0x00006453   Data         256  game.o(.constdata)
    question_block_2_pixels                  0x00006553   Data         256  game.o(.constdata)
    question_block_3_pixels                  0x00006653   Data         256  game.o(.constdata)
    shroom_pixels                            0x00006753   Data         256  game.o(.constdata)
    question_block_empty_pixels              0x00006853   Data         256  game.o(.constdata)
    mario_2_stand_pixels                     0x00006953   Data         512  game.o(.constdata)
    mario_2_run_3_pixels                     0x00006b53   Data         512  game.o(.constdata)
    mario_2_run_2_pixels                     0x00006d53   Data         512  game.o(.constdata)
    mario_2_run_1_pixels                     0x00006f53   Data         512  game.o(.constdata)
    mario_2_jump_pixels                      0x00007153   Data         512  game.o(.constdata)
    mario_2_flag_pixels                      0x00007353   Data         496  game.o(.constdata)
    mario_crouch_pixels                      0x00007543   Data         352  game.o(.constdata)
    mario_trans_pixels                       0x000076a3   Data         384  game.o(.constdata)
    song                                     0x00007860   Data        6008  sound.o(.constdata)
    Flute                                    0x00008fd8   Data          64  sound.o(.constdata)
    Horn                                     0x00009018   Data          64  sound.o(.constdata)
    Trumpet                                  0x00009058   Data          64  sound.o(.constdata)
    backgroundMusicArray                     0x00009098   Data           4  sound.o(.constdata)
    dBfs                                     0x0000c952   Data         512  st7735.o(.constdata)
    Region$$Table$$Base                      0x0000cb54   Number         0  anon$$obj.o(Region$$Table)
    Region$$Table$$Limit                     0x0000cb74   Number         0  anon$$obj.o(Region$$Table)
    resetGame                                0x20000000   Data           1  systicktestmain.o(.data)
    PeriodicTask                             0x20000008   Data           4  frame.o(.data)
    base_block                               0x2000000c   Data          12  game.o(.data)
    brick_block                              0x20000018   Data          12  game.o(.data)
    bush_base                                0x20000024   Data          12  game.o(.data)
    bush_top                                 0x20000030   Data          12  game.o(.data)
    castle_bottom                            0x2000003c   Data          12  game.o(.data)
    castle_top                               0x20000048   Data          12  game.o(.data)
    cloud_1                                  0x20000054   Data          12  game.o(.data)
    cloud_2                                  0x20000060   Data          12  game.o(.data)
    cloud_3                                  0x2000006c   Data          12  game.o(.data)
    flag_ball                                0x20000078   Data          12  game.o(.data)
    pipe_top                                 0x20000084   Data          12  game.o(.data)
    pipe                                     0x20000090   Data          12  game.o(.data)
    pole                                     0x2000009c   Data          12  game.o(.data)
    question_block_1                         0x200000a8   Data          12  game.o(.data)
    question_block_2                         0x200000b4   Data          12  game.o(.data)
    question_block_3                         0x200000c0   Data          12  game.o(.data)
    question_block_empty                     0x200000cc   Data          12  game.o(.data)
    shrub_1                                  0x200000d8   Data          12  game.o(.data)
    shrub_2                                  0x200000e4   Data          12  game.o(.data)
    shrub_3                                  0x200000f0   Data          12  game.o(.data)
    strong_block                             0x200000fc   Data          12  game.o(.data)
    flag                                     0x20000108   Data          12  game.o(.data)
    shroom                                   0x20000114   Data          12  game.o(.data)
    goomba_walk_1                            0x20000120   Data          12  game.o(.data)
    goomba_walk_2                            0x2000012c   Data          12  game.o(.data)
    goomba_smash                             0x20000138   Data          12  game.o(.data)
    mario_stand                              0x20000144   Data          24  game.o(.data)
    mario_crouch                             0x2000015c   Data          12  game.o(.data)
    mario_trans                              0x20000168   Data          12  game.o(.data)
    mario_run_1                              0x20000174   Data          24  game.o(.data)
    mario_run_2                              0x2000018c   Data          24  game.o(.data)
    mario_run_3                              0x200001a4   Data          24  game.o(.data)
    mario_jump                               0x200001bc   Data          24  game.o(.data)
    mario_flag                               0x200001d4   Data          24  game.o(.data)
    mario_hit                                0x200001ec   Data          12  game.o(.data)
    question_block_x_vals                    0x200001f8   Data          16  game.o(.data)
    brick_block_x_vals                       0x20000208   Data          24  game.o(.data)
    sceneryPointer                           0x20000220   Data           4  game.o(.data)
    flagPointer                              0x20000224   Data           4  game.o(.data)
    blockPointer                             0x20000228   Data           4  game.o(.data)
    enemyPointer                             0x2000022c   Data           4  game.o(.data)
    shroomPointer                            0x20000230   Data           4  game.o(.data)
    gameOver                                 0x20000234   Data           1  game.o(.data)
    boxToggle                                0x20000238   Data           4  game.o(.data)
    toggleCounter                            0x2000023c   Data           4  game.o(.data)
    frameCounter                             0x20000240   Data           4  game.o(.data)
    reset                                    0x20000244   Data           4  heartbeat.o(.data)
    count                                    0x20000248   Data           4  heartbeat.o(.data)
    backgroundMusicLength                    0x20000250   Data           4  sound.o(.data)
    backgroundMusicIndex                     0x20000254   Data           4  sound.o(.data)
    PeriodicTask0                            0x20000264   Data           4  sound.o(.data)
    PeriodicTask1                            0x20000268   Data           4  sound.o(.data)
    PeriodicTask2                            0x2000026c   Data           4  sound.o(.data)
    currentSoundEffect                       0x20000270   Data           1  sound.o(.data)
    StX                                      0x20000274   Data           4  st7735.o(.data)
    StY                                      0x20000278   Data           4  st7735.o(.data)
    StTextColor                              0x2000027c   Data           2  st7735.o(.data)
    lastj                                    0x20000284   Data           4  st7735.o(.data)
    Messageindex                             0x2000028c   Data           4  st7735.o(.data)
    Ymax                                     0x20000290   Data           4  st7735.o(.data)
    Ymin                                     0x20000294   Data           4  st7735.o(.data)
    X                                        0x20000298   Data           4  st7735.o(.data)
    Yrange                                   0x2000029c   Data           4  st7735.o(.data)
    sky_pixels                               0x200005c0   Data       20480  game.o(.bss)
    qBlocks                                  0x200055c0   Data          16  game.o(.bss)
    scenery                                  0x200055d0   Data        2176  game.o(.bss)
    blocks                                   0x20005e50   Data        4688  game.o(.bss)
    enemies                                  0x200070a0   Data         240  game.o(.bss)
    shrooms                                  0x20007190   Data         192  game.o(.bss)
    mario                                    0x20007250   Data          44  game.o(.bss)
    __libspace_start                         0x2000727c   Data          96  libspace.o(.bss)
    __temporary_stack_top$libspace           0x200072dc   Data           0  libspace.o(.bss)



==============================================================================

Memory Map of the image

  Image Entry point : 0x0000026d

  Load Region LR_1 (Base: 0x00000000, Size: 0x0000ce14, Max: 0xffffffff, ABSOLUTE, COMPRESSED[0x0000cc68])

    Execution Region ER_RO (Base: 0x00000000, Size: 0x0000cb74, Max: 0xffffffff, ABSOLUTE)

    Base Addr    Size         Type   Attr      Idx    E Section Name        Object

    0x00000000   0x00000284   Code   RO            3  * RESET               startup.o
    0x00000284   0x00000008   Code   RO          869  * !!!main             c_w.l(__main.o)
    0x0000028c   0x00000034   Code   RO         1050    !!!scatter          c_w.l(__scatter.o)
    0x000002c0   0x0000005a   Code   RO         1048    !!dczerorl2         c_w.l(__dczerorl2.o)
    0x0000031a   0x00000002   PAD
    0x0000031c   0x0000001c   Code   RO         1052    !!handler_zi        c_w.l(__scatter_zi.o)
    0x00000338   0x00000002   Code   RO          921    .ARM.Collect$$libinit$$00000000  c_w.l(libinit.o)
    0x0000033a   0x00000000   Code   RO          928    .ARM.Collect$$libinit$$00000002  c_w.l(libinit2.o)
    0x0000033a   0x00000000   Code   RO          931    .ARM.Collect$$libinit$$00000008  c_w.l(libinit2.o)
    0x0000033a   0x00000000   Code   RO          933    .ARM.Collect$$libinit$$0000000A  c_w.l(libinit2.o)
    0x0000033a   0x00000000   Code   RO          935    .ARM.Collect$$libinit$$0000000C  c_w.l(libinit2.o)
    0x0000033a   0x00000000   Code   RO          938    .ARM.Collect$$libinit$$0000000F  c_w.l(libinit2.o)
    0x0000033a   0x00000000   Code   RO          940    .ARM.Collect$$libinit$$00000011  c_w.l(libinit2.o)
    0x0000033a   0x00000000   Code   RO          942    .ARM.Collect$$libinit$$00000013  c_w.l(libinit2.o)
    0x0000033a   0x00000000   Code   RO          944    .ARM.Collect$$libinit$$00000015  c_w.l(libinit2.o)
    0x0000033a   0x00000000   Code   RO          946    .ARM.Collect$$libinit$$00000017  c_w.l(libinit2.o)
    0x0000033a   0x00000000   Code   RO          948    .ARM.Collect$$libinit$$00000019  c_w.l(libinit2.o)
    0x0000033a   0x00000000   Code   RO          950    .ARM.Collect$$libinit$$0000001B  c_w.l(libinit2.o)
    0x0000033a   0x00000000   Code   RO          952    .ARM.Collect$$libinit$$0000001D  c_w.l(libinit2.o)
    0x0000033a   0x00000000   Code   RO          954    .ARM.Collect$$libinit$$0000001F  c_w.l(libinit2.o)
    0x0000033a   0x00000000   Code   RO          956    .ARM.Collect$$libinit$$00000021  c_w.l(libinit2.o)
    0x0000033a   0x00000000   Code   RO          958    .ARM.Collect$$libinit$$00000023  c_w.l(libinit2.o)
    0x0000033a   0x00000000   Code   RO          962    .ARM.Collect$$libinit$$0000002A  c_w.l(libinit2.o)
    0x0000033a   0x00000000   Code   RO          964    .ARM.Collect$$libinit$$0000002C  c_w.l(libinit2.o)
    0x0000033a   0x00000000   Code   RO          966    .ARM.Collect$$libinit$$0000002E  c_w.l(libinit2.o)
    0x0000033a   0x00000000   Code   RO          968    .ARM.Collect$$libinit$$00000030  c_w.l(libinit2.o)
    0x0000033a   0x00000002   Code   RO          969    .ARM.Collect$$libinit$$00000031  c_w.l(libinit2.o)
    0x0000033c   0x00000002   Code   RO          989    .ARM.Collect$$libshutdown$$00000000  c_w.l(libshutdown.o)
    0x0000033e   0x00000000   Code   RO         1003    .ARM.Collect$$libshutdown$$00000003  c_w.l(libshutdown2.o)
    0x0000033e   0x00000000   Code   RO         1006    .ARM.Collect$$libshutdown$$00000006  c_w.l(libshutdown2.o)
    0x0000033e   0x00000000   Code   RO         1009    .ARM.Collect$$libshutdown$$00000009  c_w.l(libshutdown2.o)
    0x0000033e   0x00000000   Code   RO         1011    .ARM.Collect$$libshutdown$$0000000B  c_w.l(libshutdown2.o)
    0x0000033e   0x00000000   Code   RO         1014    .ARM.Collect$$libshutdown$$0000000E  c_w.l(libshutdown2.o)
    0x0000033e   0x00000002   Code   RO         1015    .ARM.Collect$$libshutdown$$0000000F  c_w.l(libshutdown2.o)
    0x00000340   0x00000000   Code   RO          889    .ARM.Collect$$rtentry$$00000000  c_w.l(rtentry.o)
    0x00000340   0x00000000   Code   RO          898    .ARM.Collect$$rtentry$$00000002  c_w.l(rtentry2.o)
    0x00000340   0x00000006   Code   RO          910    .ARM.Collect$$rtentry$$00000004  c_w.l(rtentry4.o)
    0x00000346   0x00000000   Code   RO          900    .ARM.Collect$$rtentry$$00000009  c_w.l(rtentry2.o)
    0x00000346   0x00000004   Code   RO          901    .ARM.Collect$$rtentry$$0000000A  c_w.l(rtentry2.o)
    0x0000034a   0x00000000   Code   RO          903    .ARM.Collect$$rtentry$$0000000C  c_w.l(rtentry2.o)
    0x0000034a   0x00000008   Code   RO          904    .ARM.Collect$$rtentry$$0000000D  c_w.l(rtentry2.o)
    0x00000352   0x00000002   Code   RO          925    .ARM.Collect$$rtexit$$00000000  c_w.l(rtexit.o)
    0x00000354   0x00000000   Code   RO          971    .ARM.Collect$$rtexit$$00000002  c_w.l(rtexit2.o)
    0x00000354   0x00000004   Code   RO          972    .ARM.Collect$$rtexit$$00000003  c_w.l(rtexit2.o)
    0x00000358   0x00000006   Code   RO          973    .ARM.Collect$$rtexit$$00000004  c_w.l(rtexit2.o)
    0x0000035e   0x00000002   PAD
    0x00000360   0x00000030   Code   RO            4    .text               startup.o
    0x00000390   0x00000064   Code   RO          865    .text               c_w.l(rt_memcpy_w.o)
    0x000003f4   0x00000006   Code   RO          867    .text               c_w.l(heapauxi.o)
    0x000003fa   0x0000004a   Code   RO          912    .text               c_w.l(sys_stackheap_outer.o)
    0x00000444   0x0000000c   Code   RO          914    .text               c_w.l(exit.o)
    0x00000450   0x00000008   Code   RO          922    .text               c_w.l(libspace.o)
    0x00000458   0x0000000c   Code   RO          981    .text               c_w.l(sys_exit.o)
    0x00000464   0x00000002   Code   RO          992    .text               c_w.l(use_no_semi.o)
    0x00000466   0x00000000   Code   RO          994    .text               c_w.l(indicate_semi.o)
    0x00000466   0x00000002   PAD
    0x00000468   0x0000003c   Code   RO          452    i.ADC0_InSeq0       input.o
    0x000004a4   0x00000044   Code   RO          161    i.Add_Block         game.o
    0x000004e8   0x000000dc   Code   RO          162    i.Add_Castle        game.o
    0x000005c4   0x00000078   Code   RO          163    i.Add_Cloud         game.o
    0x0000063c   0x00000058   Code   RO          164    i.Add_Pipe          game.o
    0x00000694   0x00000044   Code   RO          165    i.Add_Scenery       game.o
    0x000006d8   0x00000088   Code   RO          166    i.Add_Shrub         game.o
    0x00000760   0x00000024   Code   RO          167    i.Add_Small_Bush    game.o
    0x00000784   0x0000007c   Code   RO          168    i.Add_Stairs        game.o
    0x00000800   0x0000003c   Code   RO          169    i.Add_Tall_Bush     game.o
    0x0000083c   0x00000014   Code   RO          170    i.Blocks_Init       game.o
    0x00000850   0x00000024   Code   RO          453    i.Board_Input       input.o
    0x00000874   0x00000038   Code   RO          171    i.Check_Box_Hitbox  game.o
    0x000008ac   0x00000038   Code   RO          172    i.Check_Enemy_Hitbox  game.o
    0x000008e4   0x00000020   Code   RO          588    i.Delay1ms          st7735.o
    0x00000904   0x00000068   Code   RO          173    i.Enemies_Init      game.o
    0x0000096c   0x00000038   Code   RO          174    i.Enemy_Update      game.o
    0x000009a4   0x00000064   Code   RO          175    i.Entity_Collision  game.o
    0x00000a08   0x00000068   Code   RO          176    i.Floating_Init     game.o
    0x00000a70   0x00000070   Code   RO          177    i.Floor_Init        game.o
    0x00000ae0   0x0000001c   Code   RO          127    i.Frame_Init        frame.o
    0x00000afc   0x000000b4   Code   RO          128    i.Frame_Task        frame.o
    0x00000bb0   0x00000008   Code   RO          454    i.Get_SW            input.o
    0x00000bb8   0x0000000c   Code   RO          455    i.Get_XY            input.o
    0x00000bc4   0x00000060   Code   RO          178    i.Goomba_Init       game.o
    0x00000c24   0x00000238   Code   RO          179    i.Goomba_Move       game.o
    0x00000e5c   0x00000050   Code   RO          180    i.Goomba_Sprite_Cycle  game.o
    0x00000eac   0x00000094   Code   RO          428    i.Heartbeat_Init    heartbeat.o
    0x00000f40   0x00000020   Code   RO          181    i.Init_Game         game.o
    0x00000f60   0x0000004c   Code   RO          182    i.Init_Shroom       game.o
    0x00000fac   0x000000cc   Code   RO          456    i.Input_Init        input.o
    0x00001078   0x000000d4   Code   RO          183    i.Next_Frame        game.o
    0x0000114c   0x0000007c   Code   RO           88    i.PLL_Init          pll.o
    0x000011c8   0x00000040   Code   RO          184    i.Pipes_Init        game.o
    0x00001208   0x00000018   Code   RO          185    i.Player_Action     game.o
    0x00001220   0x00000044   Code   RO          186    i.Player_Init       game.o
    0x00001264   0x0000007c   Code   RO          187    i.Player_Input      game.o
    0x000012e0   0x0000002c   Code   RO          188    i.Player_Jump       game.o
    0x0000130c   0x00000294   Code   RO          189    i.Player_Move       game.o
    0x000015a0   0x00000164   Code   RO          190    i.Player_Run        game.o
    0x00001704   0x00000118   Code   RO          191    i.Player_Update     game.o
    0x0000181c   0x000000d4   Code   RO          192    i.Question_Block_Update  game.o
    0x000018f0   0x00000018   Code   RO          494    i.SSI1_Out          sound.o
    0x00001908   0x00000018   Code   RO          495    i.SSI2_Out          sound.o
    0x00001920   0x0000016c   Code   RO          496    i.SSI_Init          sound.o
    0x00001a8c   0x000000ac   Code   RO          602    i.ST7735_FillRect   st7735.o
    0x00001b38   0x00000024   Code   RO          603    i.ST7735_FillScreen  st7735.o
    0x00001b5c   0x0000007c   Code   RO          605    i.ST7735_InitR      st7735.o
    0x00001bd8   0x00000020   Code   RO          618    i.ST7735_SetCursor  st7735.o
    0x00001bf8   0x00000074   Code   RO          193    i.Scenery_Init      game.o
    0x00001c6c   0x00000030   Code   RO          497    i.Set_Sound_Effect  sound.o
    0x00001c9c   0x000001bc   Code   RO          194    i.Shroom_Move       game.o
    0x00001e58   0x00000030   Code   RO          195    i.Shroom_Update     game.o
    0x00001e88   0x00000040   Code   RO          498    i.Sound_Init        sound.o
    0x00001ec8   0x00000040   Code   RO          196    i.Stairs_Init       game.o
    0x00001f08   0x0000002a   Code   RO          457    i.Switch_Debounce   input.o
    0x00001f32   0x00000018   Code   RO           12    i.SysTick_Init      systick.o
    0x00001f4a   0x00000002   PAD
    0x00001f4c   0x00000018   Code   RO          499    i.Timer0A_Handler   sound.o
    0x00001f64   0x00000070   Code   RO          500    i.Timer0A_Init      sound.o
    0x00001fd4   0x00000018   Code   RO          501    i.Timer1A_Handler   sound.o
    0x00001fec   0x000000b4   Code   RO          502    i.Timer1_Init       sound.o
    0x000020a0   0x00000018   Code   RO          503    i.Timer2A_Handler   sound.o
    0x000020b8   0x0000005c   Code   RO          504    i.Timer2_Init       sound.o
    0x00002114   0x00000018   Code   RO          129    i.Timer3A_Handler   frame.o
    0x0000212c   0x00000060   Code   RO          130    i.Timer3_Init       frame.o
    0x0000218c   0x00000020   Code   RO          197    i.Update_Mario_Sprite  game.o
    0x000021ac   0x00000048   Code   RO          505    i.backgroundOutputDac  sound.o
    0x000021f4   0x00000056   Code   RO          622    i.commandList       st7735.o
    0x0000224a   0x00000002   PAD
    0x0000224c   0x00000184   Code   RO          623    i.commonInit        st7735.o
    0x000023d0   0x000000b0   Code   RO          198    i.draw              game.o
    0x00002480   0x00000094   Code   RO          624    i.drawFrame         st7735.o
    0x00002514   0x00000078   Code   RO          100    i.getColor_16       color.o
    0x0000258c   0x00000008   Code   RO          101    i.getOpacity        color.o
    0x00002594   0x00000008   Code   RO          102    i.getRefresh        color.o
    0x0000259c   0x0000001c   Code   RO          200    i.getXDirection     game.o
    0x000025b8   0x00000016   Code   RO          201    i.getYDirection     game.o
    0x000025ce   0x00000002   PAD
    0x000025d0   0x00000028   Code   RO           61    i.main              systicktestmain.o
    0x000025f8   0x000000b4   Code   RO          506    i.nextBeat          sound.o
    0x000026ac   0x00000012   Code   RO          629    i.pushColor         st7735.o
    0x000026be   0x00000024   Code   RO           62    i.resetAll          systicktestmain.o
    0x000026e2   0x00000002   PAD
    0x000026e4   0x00000074   Code   RO          630    i.setAddrWindow     st7735.o
    0x00002758   0x00000064   Code   RO          507    i.soundEffectTask   sound.o
    0x000027bc   0x00000030   Code   RO          631    i.writecommand      st7735.o
    0x000027ec   0x00000020   Code   RO          632    i.writedata         st7735.o
    0x0000280c   0x00000150   Code   RO          871    x$fpl$dadd          fz_ws.l(daddsub_clz.o)
    0x0000295c   0x00000018   Code   RO          890    x$fpl$dcmpinf       fz_ws.l(dcmpi.o)
    0x00002974   0x000002b0   Code   RO          878    x$fpl$ddiv          fz_ws.l(ddiv.o)
    0x00002c24   0x00000078   Code   RO          881    x$fpl$deqf          fz_ws.l(deqf.o)
    0x00002c9c   0x0000005a   Code   RO          883    x$fpl$dfixu         fz_ws.l(dfixu.o)
    0x00002cf6   0x00000002   PAD
    0x00002cf8   0x00000154   Code   RO          887    x$fpl$dmul          fz_ws.l(dmul.o)
    0x00002e4c   0x0000009c   Code   RO          892    x$fpl$dnaninf       fz_ws.l(dnaninf.o)
    0x00002ee8   0x0000000c   Code   RO          894    x$fpl$dretinf       fz_ws.l(dretinf.o)
    0x00002ef4   0x000001d4   Code   RO          873    x$fpl$dsub          fz_ws.l(daddsub_clz.o)
    0x000030c8   0x00000000   Code   RO          896    x$fpl$usenofp       fz_ws.l(usenofp.o)
    0x000030c8   0x00004794   Data   RO          203    .constdata          game.o
    0x0000785c   0x00000004   PAD
    0x00007860   0x00004b10   Data   RO          508    .constdata          sound.o
    0x0000c370   0x000007e2   Data   RO          634    .constdata          st7735.o
    0x0000cb52   0x00000002   PAD
    0x0000cb54   0x00000020   Data   RO         1046    Region$$Table       anon$$obj.o


    Execution Region ER_RW (Base: 0x20000000, Size: 0x000002a0, Max: 0xffffffff, ABSOLUTE, COMPRESSED[0x000000f4])

    Base Addr    Size         Type   Attr      Idx    E Section Name        Object

    0x20000000   0x00000001   Data   RW           63    .data               systicktestmain.o
    0x20000001   0x00000003   PAD
    0x20000004   0x00000008   Data   RW          132    .data               frame.o
    0x2000000c   0x00000238   Data   RW          204    .data               game.o
    0x20000244   0x00000008   Data   RW          430    .data               heartbeat.o
    0x2000024c   0x00000025   Data   RW          509    .data               sound.o
    0x20000271   0x00000003   PAD
    0x20000274   0x0000002c   Data   RW          635    .data               st7735.o


    Execution Region ER_ZI (Base: 0x200002a0, Size: 0x00007440, Max: 0xffffffff, ABSOLUTE)

    Base Addr    Size         Type   Attr      Idx    E Section Name        Object

    0x200002a0   0x00000320   Zero   RW          131    .bss                frame.o
    0x200005c0   0x00006cbc   Zero   RW          202    .bss                game.o
    0x2000727c   0x00000060   Zero   RW          923    .bss                c_w.l(libspace.o)
    0x200072dc   0x00000004   PAD
    0x200072e0   0x00000000   Zero   RW            2    HEAP                startup.o
    0x200072e0   0x00000400   Zero   RW            1    STACK               startup.o


==============================================================================

Image component sizes


      Code (inc. data)   RO Data    RW Data    ZI Data      Debug   Object Name

       136          6          0          0          0       1256   color.o
       328         52          0          8        800       2417   frame.o
      5354        464      18324        568      27836      25995   game.o
       148         32          0          8          0        599   heartbeat.o
       362         34          0          0          0       2753   input.o
       124          6          0          0          0        395   pll.o
      1332        276      19216         37          0       7256   sound.o
      1232        142       2018         44          0       9300   st7735.o
       692        632          0          0       1024        860   startup.o
        24          0          0          0          0       6315   systick.o
        76          6          0          1          0        962   systicktestmain.o

    ----------------------------------------------------------------------
      9816       1650      39596        672      29660      58108   Object Totals
         0          0         32          0          0          0   (incl. Generated)
         8          0          6          6          0          0   (incl. Padding)

    ----------------------------------------------------------------------

      Code (inc. data)   RO Data    RW Data    ZI Data      Debug   Library Member Name

        90          0          0          0          0          0   __dczerorl2.o
         8          0          0          0          0         68   __main.o
        52          8          0          0          0          0   __scatter.o
        28          0          0          0          0          0   __scatter_zi.o
        12          0          0          0          0         72   exit.o
         6          0          0          0          0        152   heapauxi.o
         0          0          0          0          0          0   indicate_semi.o
         2          0          0          0          0          0   libinit.o
         2          0          0          0          0          0   libinit2.o
         2          0          0          0          0          0   libshutdown.o
         2          0          0          0          0          0   libshutdown2.o
         8          4          0          0         96         68   libspace.o
       100          0          0          0          0         80   rt_memcpy_w.o
         0          0          0          0          0          0   rtentry.o
        12          0          0          0          0          0   rtentry2.o
         6          0          0          0          0          0   rtentry4.o
         2          0          0          0          0          0   rtexit.o
        10          0          0          0          0          0   rtexit2.o
        12          4          0          0          0         68   sys_exit.o
        74          0          0          0          0         80   sys_stackheap_outer.o
         2          0          0          0          0         68   use_no_semi.o
       804         16          0          0          0        272   daddsub_clz.o
        24          0          0          0          0         68   dcmpi.o
       688        140          0          0          0        208   ddiv.o
       120          4          0          0          0         92   deqf.o
        90          4          0          0          0         92   dfixu.o
       340         12          0          0          0        104   dmul.o
       156          4          0          0          0         92   dnaninf.o
        12          0          0          0          0         68   dretinf.o
         0          0          0          0          0          0   usenofp.o

    ----------------------------------------------------------------------
      2672        196          0          0        100       1652   Library Totals
         8          0          0          0          4          0   (incl. Padding)

    ----------------------------------------------------------------------

      Code (inc. data)   RO Data    RW Data    ZI Data      Debug   Library Name

       430         16          0          0         96        656   c_w.l
      2234        180          0          0          0        996   fz_ws.l

    ----------------------------------------------------------------------
      2672        196          0          0        100       1652   Library Totals

    ----------------------------------------------------------------------

==============================================================================


      Code (inc. data)   RO Data    RW Data    ZI Data      Debug   

     12488       1846      39596        672      29760      54716   Grand Totals
     12488       1846      39596        244      29760      54716   ELF Image Totals (compressed)
     12488       1846      39596        244          0          0   ROM Totals

==============================================================================

    Total RO  Size (Code + RO Data)                52084 (  50.86kB)
    Total RW  Size (RW Data + ZI Data)             30432 (  29.72kB)
    Total ROM Size (Code + RO Data + RW Data)      52328 (  51.10kB)

==============================================================================

