<html>
<body>
<pre>
<h1>µVision Build Log</h1>
<h2>Project:</h2>
C:\Keil\ValvanoWareTM4C123\Mario\SysTick.uvproj
Project File Date:  11/24/2016

<h2>Output:</h2>
Rebuild target 'SysTick'
assembling startup.s...
compiling SysTick.c...
compiling SysTickTestMain.c...
compiling PLL.c...
compiling Color.c...
compiling frame.c...
frame.c(66): warning:  #550-D: variable "x" was set but never used
                int x = 5;
frame.c(42): warning:  #550-D: variable "differences" was set but never used
  static int differences[100];
frame.c: 2 warnings, 0 errors
compiling game.c...
compiling heartbeat.c...
compiling input.c...
compiling sound.c...
compiling ST7735.c...
linking...
Program Size: Code=12488 RO-data=39596 RW-data=672 ZI-data=29760  
".\SysTick.axf" - 0 Error(s), 2 Warning(s).
</pre>
</body>
</html>
